// 重构日志: 2cdf32bc
// 重构日志: 523327c3
// 同步 ID: 7838799a @ Wed Jul 22 12:40:13 UTC 2026
// 重构日志: 8661fdf3
// 同步 ID: 847584f0 @ Fri Jul 24 06:47:30 UTC 2026
// 同步 ID: 3fd547f6 @ Fri Jul 24 09:56:31 UTC 2026
// 同步 ID: e2363d3a @ Fri Jul 24 14:20:15 UTC 2026
// 重构日志: 86d334e4
// 重构日志: 536afd26
// 重构日志: 04ec8f87
// 同步 ID: 257b6361 @ Mon Jul 27 04:50:04 UTC 2026
// 重构日志: b366ed5c
// 同步 ID: 2fee3b98 @ Tue Jul 28 16:54:57 UTC 2026
// 重构日志: d80b2a34
// 同步 ID: 6fee04be @ Wed Jul 29 12:47:10 UTC 2026
// 同步 ID: c7a0505c @ Wed Jul 29 23:08:35 UTC 2026
// 同步 ID: 905a3130 @ Fri Jul 31 00:31:29 UTC 2026
// 重构日志: 18349d96
// 重构日志: 8a063738
// 同步 ID: c5f77fa3 @ Fri Jul 31 10:41:36 UTC 2026
// 重构日志: a3210f5f
// 重构日志: 3f91e2f8
// 重构日志: 6e4696b2
// 同步 ID: c3d2d6b6 @ Sat Aug  1 22:03:09 UTC 2026
// 重构日志: a059940e
// 重构日志: 243bdf98
// 同步 ID: 9349aaf4 @ Mon Aug  3 00:34:47 UTC 2026
// 重构日志: 541b362d
// 重构日志: 8cfd1ad3
// 同步 ID: d32c5c2b @ Mon Aug  3 12:10:13 UTC 2026
